Loading model: /home/alex/Respector-fork/dataset/cwa-verification-server
SLF4J: Failed to load class "org.slf4j.impl.StaticLoggerBinder".
SLF4J: Defaulting to no-operation (NOP) logger implementation
SLF4J: See http://www.slf4j.org/codes.html#StaticLoggerBinder for further details.
Detected Spring profiles: [external, internal, default]
Wrote OpenAPI to outputs-java11/cwa-verification-server_oas_external.json
Ignoring methodReturnType: ?
Wrote OpenAPI to outputs-java11/cwa-verification-server_oas_internal.json
Skipping empty profile: default

real	0m5.705s
user	0m13.660s
sys	0m2.576s
Loading model: /home/alex/Respector-fork/dataset/cwa-verification-server
SLF4J: Failed to load class "org.slf4j.impl.StaticLoggerBinder".
SLF4J: Defaulting to no-operation (NOP) logger implementation
SLF4J: See http://www.slf4j.org/codes.html#StaticLoggerBinder for further details.
Detected Spring profiles: [external, internal, default]
Wrote OpenAPI to outputs-java11/cwa-verification-server_oas_external.json
Ignoring methodReturnType: ?
Wrote OpenAPI to outputs-java11/cwa-verification-server_oas_internal.json
Skipping empty profile: default

real	0m5.677s
user	0m13.749s
sys	0m2.633s
Loading model: /home/alex/Respector-fork/dataset/cwa-verification-server
SLF4J: Failed to load class "org.slf4j.impl.StaticLoggerBinder".
SLF4J: Defaulting to no-operation (NOP) logger implementation
SLF4J: See http://www.slf4j.org/codes.html#StaticLoggerBinder for further details.
Detected Spring profiles: [external, internal, default]
Wrote OpenAPI to outputs-java11/cwa-verification-server_oas_external.json
Ignoring methodReturnType: ?
Wrote OpenAPI to outputs-java11/cwa-verification-server_oas_internal.json
Skipping empty profile: default

real	0m5.504s
user	0m13.260s
sys	0m2.419s
Loading model: /home/alex/Respector-fork/dataset/cwa-verification-server
SLF4J: Failed to load class "org.slf4j.impl.StaticLoggerBinder".
SLF4J: Defaulting to no-operation (NOP) logger implementation
SLF4J: See http://www.slf4j.org/codes.html#StaticLoggerBinder for further details.
Detected Spring profiles: [external, internal, default]
Wrote OpenAPI to outputs-java11/cwa-verification-server_oas_external.json
Ignoring methodReturnType: ?
Wrote OpenAPI to outputs-java11/cwa-verification-server_oas_internal.json
Skipping empty profile: default

real	0m5.606s
user	0m13.575s
sys	0m2.439s
Loading model: /home/alex/Respector-fork/dataset/cwa-verification-server
SLF4J: Failed to load class "org.slf4j.impl.StaticLoggerBinder".
SLF4J: Defaulting to no-operation (NOP) logger implementation
SLF4J: See http://www.slf4j.org/codes.html#StaticLoggerBinder for further details.
Detected Spring profiles: [external, internal, default]
Wrote OpenAPI to outputs-java11/cwa-verification-server_oas_external.json
Ignoring methodReturnType: ?
Wrote OpenAPI to outputs-java11/cwa-verification-server_oas_internal.json
Skipping empty profile: default

real	0m5.428s
user	0m13.082s
sys	0m2.396s
