Loading model: /home/alex/Respector-fork/dataset/ocvn/web
SLF4J: Failed to load class "org.slf4j.impl.StaticLoggerBinder".
SLF4J: Defaulting to no-operation (NOP) logger implementation
SLF4J: See http://www.slf4j.org/codes.html#StaticLoggerBinder for further details.
Detected Spring profiles: [default]
Ignoring methodReturnType: AuthenticatedCheckerResponse
Ignoring methodReturnType: AuthenticatedCheckerResponse
Ignoring methodReturnType: ?
Ignoring methodReturnType: ?
Ignoring methodReturnType: ?
Ignoring methodReturnType: ?
Wrote OpenAPI to outputs/ocvn_oas_default.json

real	0m17.685s
user	0m28.551s
sys	0m3.355s
Loading model: /home/alex/Respector-fork/dataset/ocvn/web
SLF4J: Failed to load class "org.slf4j.impl.StaticLoggerBinder".
SLF4J: Defaulting to no-operation (NOP) logger implementation
SLF4J: See http://www.slf4j.org/codes.html#StaticLoggerBinder for further details.
Detected Spring profiles: [default]
Ignoring methodReturnType: AuthenticatedCheckerResponse
Ignoring methodReturnType: AuthenticatedCheckerResponse
Ignoring methodReturnType: ?
Ignoring methodReturnType: ?
Ignoring methodReturnType: ?
Ignoring methodReturnType: ?
Wrote OpenAPI to outputs/ocvn_oas_default.json

real	0m17.193s
user	0m27.970s
sys	0m3.362s
Loading model: /home/alex/Respector-fork/dataset/ocvn/web
SLF4J: Failed to load class "org.slf4j.impl.StaticLoggerBinder".
SLF4J: Defaulting to no-operation (NOP) logger implementation
SLF4J: See http://www.slf4j.org/codes.html#StaticLoggerBinder for further details.
Detected Spring profiles: [default]
Ignoring methodReturnType: AuthenticatedCheckerResponse
Ignoring methodReturnType: AuthenticatedCheckerResponse
Ignoring methodReturnType: ?
Ignoring methodReturnType: ?
Ignoring methodReturnType: ?
Ignoring methodReturnType: ?
Wrote OpenAPI to outputs/ocvn_oas_default.json

real	0m17.092s
user	0m27.691s
sys	0m3.419s
Loading model: /home/alex/Respector-fork/dataset/ocvn/web
SLF4J: Failed to load class "org.slf4j.impl.StaticLoggerBinder".
SLF4J: Defaulting to no-operation (NOP) logger implementation
SLF4J: See http://www.slf4j.org/codes.html#StaticLoggerBinder for further details.
Detected Spring profiles: [default]
Ignoring methodReturnType: AuthenticatedCheckerResponse
Ignoring methodReturnType: AuthenticatedCheckerResponse
Ignoring methodReturnType: ?
Ignoring methodReturnType: ?
Ignoring methodReturnType: ?
Ignoring methodReturnType: ?
Wrote OpenAPI to outputs/ocvn_oas_default.json

real	0m17.142s
user	0m27.961s
sys	0m3.429s
Loading model: /home/alex/Respector-fork/dataset/ocvn/web
SLF4J: Failed to load class "org.slf4j.impl.StaticLoggerBinder".
SLF4J: Defaulting to no-operation (NOP) logger implementation
SLF4J: See http://www.slf4j.org/codes.html#StaticLoggerBinder for further details.
Detected Spring profiles: [default]
Ignoring methodReturnType: AuthenticatedCheckerResponse
Ignoring methodReturnType: AuthenticatedCheckerResponse
Ignoring methodReturnType: ?
Ignoring methodReturnType: ?
Ignoring methodReturnType: ?
Ignoring methodReturnType: ?
Wrote OpenAPI to outputs/ocvn_oas_default.json

real	0m17.283s
user	0m27.932s
sys	0m3.653s
