Loading model: /home/alex/Respector-fork/dataset/digdag
Detected Framework via Type Annotations: JAX-RS (Java EE)
Detected profiles: [default]
Wrote OpenAPI to outputs-java21/digdag_oas_default.json

real	0m10.559s
user	0m27.852s
sys	0m4.009s
Loading model: /home/alex/Respector-fork/dataset/digdag
Detected Framework via Type Annotations: JAX-RS (Java EE)
Detected profiles: [default]
Wrote OpenAPI to outputs-java21/digdag_oas_default.json

real	0m10.906s
user	0m28.305s
sys	0m4.073s
Loading model: /home/alex/Respector-fork/dataset/digdag
Detected Framework via Type Annotations: JAX-RS (Java EE)
Detected profiles: [default]
Wrote OpenAPI to outputs-java21/digdag_oas_default.json

real	0m11.012s
user	0m28.542s
sys	0m3.997s
Loading model: /home/alex/Respector-fork/dataset/digdag
Detected Framework via Type Annotations: JAX-RS (Java EE)
Detected profiles: [default]
Wrote OpenAPI to outputs-java21/digdag_oas_default.json

real	0m10.924s
user	0m28.589s
sys	0m4.029s
Loading model: /home/alex/Respector-fork/dataset/digdag
Detected Framework via Type Annotations: JAX-RS (Java EE)
Detected profiles: [default]
Wrote OpenAPI to outputs-java21/digdag_oas_default.json

real	0m10.918s
user	0m28.135s
sys	0m4.227s
