Loading model: /home/alex/Respector-fork/dataset/enviroCar-server
The method public static HashSet<E> newHashSet()  is wrongly tagged as containing missing types
The method public static List<T> singletonList(T)  is wrongly tagged as containing missing types
The method public static final List<T> emptyList()  is wrongly tagged as containing missing types
The method public static transient List<T> asList(T[])  is wrongly tagged as containing missing types
The method public static Optional<T> empty()  is wrongly tagged as containing missing types
The method public static transient List<T> asList(T[])  is wrongly tagged as containing missing types
The method public static transient List<T> asList(T[])  is wrongly tagged as containing missing types
The method public static transient List<T> asList(T[])  is wrongly tagged as containing missing types
The method public abstract R collect(Collector<? super java.lang.String,A,R>)  is wrongly tagged as containing missing types
The method public static LinkedListMultimap<K,V> create()  is wrongly tagged as containing missing types
The method public static List<T> singletonList(T)  is wrongly tagged as containing missing types
The method public static List<T> singletonList(T)  is wrongly tagged as containing missing types
The method public static final List<T> emptyList()  is wrongly tagged as containing missing types
Detected Framework via Method Annotations: JAX-RS (Java EE)
Detected profiles: [default]
Wrote OpenAPI to outputs-java21/enviroCar-server_oas_default.json

real	0m6.145s
user	0m15.149s
sys	0m2.709s
Loading model: /home/alex/Respector-fork/dataset/enviroCar-server
The method public static HashSet<E> newHashSet()  is wrongly tagged as containing missing types
The method public static List<T> singletonList(T)  is wrongly tagged as containing missing types
The method public static final List<T> emptyList()  is wrongly tagged as containing missing types
The method public static transient List<T> asList(T[])  is wrongly tagged as containing missing types
The method public static Optional<T> empty()  is wrongly tagged as containing missing types
The method public static transient List<T> asList(T[])  is wrongly tagged as containing missing types
The method public static transient List<T> asList(T[])  is wrongly tagged as containing missing types
The method public static transient List<T> asList(T[])  is wrongly tagged as containing missing types
The method public abstract R collect(Collector<? super java.lang.String,A,R>)  is wrongly tagged as containing missing types
The method public static LinkedListMultimap<K,V> create()  is wrongly tagged as containing missing types
The method public static List<T> singletonList(T)  is wrongly tagged as containing missing types
The method public static List<T> singletonList(T)  is wrongly tagged as containing missing types
The method public static final List<T> emptyList()  is wrongly tagged as containing missing types
Detected Framework via Method Annotations: JAX-RS (Java EE)
Detected profiles: [default]
Wrote OpenAPI to outputs-java21/enviroCar-server_oas_default.json

real	0m6.278s
user	0m15.587s
sys	0m2.629s
Loading model: /home/alex/Respector-fork/dataset/enviroCar-server
The method public static HashSet<E> newHashSet()  is wrongly tagged as containing missing types
The method public static List<T> singletonList(T)  is wrongly tagged as containing missing types
The method public static final List<T> emptyList()  is wrongly tagged as containing missing types
The method public static transient List<T> asList(T[])  is wrongly tagged as containing missing types
The method public static Optional<T> empty()  is wrongly tagged as containing missing types
The method public static transient List<T> asList(T[])  is wrongly tagged as containing missing types
The method public static transient List<T> asList(T[])  is wrongly tagged as containing missing types
The method public static transient List<T> asList(T[])  is wrongly tagged as containing missing types
The method public abstract R collect(Collector<? super java.lang.String,A,R>)  is wrongly tagged as containing missing types
The method public static LinkedListMultimap<K,V> create()  is wrongly tagged as containing missing types
The method public static List<T> singletonList(T)  is wrongly tagged as containing missing types
The method public static List<T> singletonList(T)  is wrongly tagged as containing missing types
The method public static final List<T> emptyList()  is wrongly tagged as containing missing types
Detected Framework via Method Annotations: JAX-RS (Java EE)
Detected profiles: [default]
Wrote OpenAPI to outputs-java21/enviroCar-server_oas_default.json

real	0m6.272s
user	0m15.294s
sys	0m2.745s
Loading model: /home/alex/Respector-fork/dataset/enviroCar-server
The method public static HashSet<E> newHashSet()  is wrongly tagged as containing missing types
The method public static List<T> singletonList(T)  is wrongly tagged as containing missing types
The method public static final List<T> emptyList()  is wrongly tagged as containing missing types
The method public static transient List<T> asList(T[])  is wrongly tagged as containing missing types
The method public static Optional<T> empty()  is wrongly tagged as containing missing types
The method public static transient List<T> asList(T[])  is wrongly tagged as containing missing types
The method public static transient List<T> asList(T[])  is wrongly tagged as containing missing types
The method public static transient List<T> asList(T[])  is wrongly tagged as containing missing types
The method public abstract R collect(Collector<? super java.lang.String,A,R>)  is wrongly tagged as containing missing types
The method public static LinkedListMultimap<K,V> create()  is wrongly tagged as containing missing types
The method public static List<T> singletonList(T)  is wrongly tagged as containing missing types
The method public static List<T> singletonList(T)  is wrongly tagged as containing missing types
The method public static final List<T> emptyList()  is wrongly tagged as containing missing types
Detected Framework via Method Annotations: JAX-RS (Java EE)
Detected profiles: [default]
Wrote OpenAPI to outputs-java21/enviroCar-server_oas_default.json

real	0m6.517s
user	0m16.301s
sys	0m2.717s
Loading model: /home/alex/Respector-fork/dataset/enviroCar-server
The method public static HashSet<E> newHashSet()  is wrongly tagged as containing missing types
The method public static List<T> singletonList(T)  is wrongly tagged as containing missing types
The method public static final List<T> emptyList()  is wrongly tagged as containing missing types
The method public static transient List<T> asList(T[])  is wrongly tagged as containing missing types
The method public static Optional<T> empty()  is wrongly tagged as containing missing types
The method public static transient List<T> asList(T[])  is wrongly tagged as containing missing types
The method public static transient List<T> asList(T[])  is wrongly tagged as containing missing types
The method public static transient List<T> asList(T[])  is wrongly tagged as containing missing types
The method public abstract R collect(Collector<? super java.lang.String,A,R>)  is wrongly tagged as containing missing types
The method public static LinkedListMultimap<K,V> create()  is wrongly tagged as containing missing types
The method public static List<T> singletonList(T)  is wrongly tagged as containing missing types
The method public static List<T> singletonList(T)  is wrongly tagged as containing missing types
The method public static final List<T> emptyList()  is wrongly tagged as containing missing types
Detected Framework via Method Annotations: JAX-RS (Java EE)
Detected profiles: [default]
Wrote OpenAPI to outputs-java21/enviroCar-server_oas_default.json

real	0m6.295s
user	0m15.523s
sys	0m2.703s
